nohup: ignoring input

> daily-task-report@1.0.0 start
> node index.js

[3/6/2026, 12:55:44 pm] Starting Daily Task Report service.
{
  "workspace": "gmaheshwari",
  "repositories": [
    "ascend_los",
    "ascend_internal_app"
  ],
  "authIdentity": "anjanik@lcgmtech.com",
  "tokenPreview": "ATAT***8037",
  "cronSchedule": "15 21 * * *",
  "timezone": "Asia/Kolkata"
}
[3/6/2026, 12:55:45 pm] Bitbucket API ascend_los repository resolution succeeded.
{
  "status": 200,
  "requestUrl": "/repositories/gmaheshwari/ascend_los",
  "authIdentity": "anjanik@lcgmtech.com"
}
[3/6/2026, 12:55:46 pm] Gmail SMTP verification succeeded.
[3/6/2026, 12:55:46 pm] Telegram bot polling started.
[3/6/2026, 12:55:46 pm] Cron job scheduled for 15 21 * * * (Asia/Kolkata).
error: [polling_error] {"code":"ETELEGRAM","message":"ETELEGRAM: 409 Conflict: terminated by other getUpdates request; make sure that only one bot instance is running"}
error: [polling_error] {"code":"ETELEGRAM","message":"ETELEGRAM: 409 Conflict: terminated by other getUpdates request; make sure that only one bot instance is running"}
error: [polling_error] {"code":"ETELEGRAM","message":"ETELEGRAM: 409 Conflict: terminated by other getUpdates request; make sure that only one bot instance is running"}
error: [polling_error] {"code":"ETELEGRAM","message":"ETELEGRAM: 409 Conflict: terminated by other getUpdates request; make sure that only one bot instance is running"}
error: [polling_error] {"code":"ETELEGRAM","message":"ETELEGRAM: 409 Conflict: terminated by other getUpdates request; make sure that only one bot instance is running"}
error: [polling_error] {"code":"ETELEGRAM","message":"ETELEGRAM: 409 Conflict: terminated by other getUpdates request; make sure that only one bot instance is running"}
error: [polling_error] {"code":"ETELEGRAM","message":"ETELEGRAM: 409 Conflict: terminated by other getUpdates request; make sure that only one bot instance is running"}
error: [polling_error] {"code":"ETELEGRAM","message":"ETELEGRAM: 409 Conflict: terminated by other getUpdates request; make sure that only one bot instance is running"}
error: [polling_error] {"code":"ETELEGRAM","message":"ETELEGRAM: 409 Conflict: terminated by other getUpdates request; make sure that only one bot instance is running"}
error: [polling_error] {"code":"ETELEGRAM","message":"ETELEGRAM: 409 Conflict: terminated by other getUpdates request; make sure that only one bot instance is running"}
error: [polling_error] {"code":"ETELEGRAM","message":"ETELEGRAM: 409 Conflict: terminated by other getUpdates request; make sure that only one bot instance is running"}
error: [polling_error] {"code":"ETELEGRAM","message":"ETELEGRAM: 409 Conflict: terminated by other getUpdates request; make sure that only one bot instance is running"}
error: [polling_error] {"code":"ETELEGRAM","message":"ETELEGRAM: 409 Conflict: terminated by other getUpdates request; make sure that only one bot instance is running"}
error: [polling_error] {"code":"ETELEGRAM","message":"ETELEGRAM: 409 Conflict: terminated by other getUpdates request; make sure that only one bot instance is running"}
error: [polling_error] {"code":"ETELEGRAM","message":"ETELEGRAM: 409 Conflict: terminated by other getUpdates request; make sure that only one bot instance is running"}
error: [polling_error] {"code":"ETELEGRAM","message":"ETELEGRAM: 409 Conflict: terminated by other getUpdates request; make sure that only one bot instance is running"}
error: [polling_error] {"code":"ETELEGRAM","message":"ETELEGRAM: 409 Conflict: terminated by other getUpdates request; make sure that only one bot instance is running"}
error: [polling_error] {"code":"ETELEGRAM","message":"ETELEGRAM: 409 Conflict: terminated by other getUpdates request; make sure that only one bot instance is running"}
error: [polling_error] {"code":"ETELEGRAM","message":"ETELEGRAM: 409 Conflict: terminated by other getUpdates request; make sure that only one bot instance is running"}
error: [polling_error] {"code":"ETELEGRAM","message":"ETELEGRAM: 409 Conflict: terminated by other getUpdates request; make sure that only one bot instance is running"}
error: [polling_error] {"code":"ETELEGRAM","message":"ETELEGRAM: 409 Conflict: terminated by other getUpdates request; make sure that only one bot instance is running"}
error: [polling_error] {"code":"ETELEGRAM","message":"ETELEGRAM: 409 Conflict: terminated by other getUpdates request; make sure that only one bot instance is running"}
error: [polling_error] {"code":"ETELEGRAM","message":"ETELEGRAM: 409 Conflict: terminated by other getUpdates request; make sure that only one bot instance is running"}
error: [polling_error] {"code":"ETELEGRAM","message":"ETELEGRAM: 409 Conflict: terminated by other getUpdates request; make sure that only one bot instance is running"}
error: [polling_error] {"code":"ETELEGRAM","message":"ETELEGRAM: 409 Conflict: terminated by other getUpdates request; make sure that only one bot instance is running"}
error: [polling_error] {"code":"ETELEGRAM","message":"ETELEGRAM: 409 Conflict: terminated by other getUpdates request; make sure that only one bot instance is running"}
error: [polling_error] {"code":"ETELEGRAM","message":"ETELEGRAM: 409 Conflict: terminated by other getUpdates request; make sure that only one bot instance is running"}
error: [polling_error] {"code":"ETELEGRAM","message":"ETELEGRAM: 409 Conflict: terminated by other getUpdates request; make sure that only one bot instance is running"}
error: [polling_error] {"code":"ETELEGRAM","message":"ETELEGRAM: 409 Conflict: terminated by other getUpdates request; make sure that only one bot instance is running"}
error: [polling_error] {"code":"ETELEGRAM","message":"ETELEGRAM: 409 Conflict: terminated by other getUpdates request; make sure that only one bot instance is running"}
error: [polling_error] {"code":"ETELEGRAM","message":"ETELEGRAM: 409 Conflict: terminated by other getUpdates request; make sure that only one bot instance is running"}
error: [polling_error] {"code":"ETELEGRAM","message":"ETELEGRAM: 409 Conflict: terminated by other getUpdates request; make sure that only one bot instance is running"}
error: [polling_error] {"code":"ETELEGRAM","message":"ETELEGRAM: 409 Conflict: terminated by other getUpdates request; make sure that only one bot instance is running"}
error: [polling_error] {"code":"ETELEGRAM","message":"ETELEGRAM: 409 Conflict: terminated by other getUpdates request; make sure that only one bot instance is running"}
error: [polling_error] {"code":"ETELEGRAM","message":"ETELEGRAM: 409 Conflict: terminated by other getUpdates request; make sure that only one bot instance is running"}
error: [polling_error] {"code":"ETELEGRAM","message":"ETELEGRAM: 409 Conflict: terminated by other getUpdates request; make sure that only one bot instance is running"}
error: [polling_error] {"code":"ETELEGRAM","message":"ETELEGRAM: 409 Conflict: terminated by other getUpdates request; make sure that only one bot instance is running"}
error: [polling_error] {"code":"ETELEGRAM","message":"ETELEGRAM: 409 Conflict: terminated by other getUpdates request; make sure that only one bot instance is running"}
error: [polling_error] {"code":"ETELEGRAM","message":"ETELEGRAM: 409 Conflict: terminated by other getUpdates request; make sure that only one bot instance is running"}
error: [polling_error] {"code":"ETELEGRAM","message":"ETELEGRAM: 409 Conflict: terminated by other getUpdates request; make sure that only one bot instance is running"}
error: [polling_error] {"code":"ETELEGRAM","message":"ETELEGRAM: 409 Conflict: terminated by other getUpdates request; make sure that only one bot instance is running"}
error: [polling_error] {"code":"ETELEGRAM","message":"ETELEGRAM: 409 Conflict: terminated by other getUpdates request; make sure that only one bot instance is running"}
error: [polling_error] {"code":"ETELEGRAM","message":"ETELEGRAM: 409 Conflict: terminated by other getUpdates request; make sure that only one bot instance is running"}
error: [polling_error] {"code":"ETELEGRAM","message":"ETELEGRAM: 409 Conflict: terminated by other getUpdates request; make sure that only one bot instance is running"}
error: [polling_error] {"code":"ETELEGRAM","message":"ETELEGRAM: 409 Conflict: terminated by other getUpdates request; make sure that only one bot instance is running"}
error: [polling_error] {"code":"ETELEGRAM","message":"ETELEGRAM: 409 Conflict: terminated by other getUpdates request; make sure that only one bot instance is running"}
error: [polling_error] {"code":"ETELEGRAM","message":"ETELEGRAM: 409 Conflict: terminated by other getUpdates request; make sure that only one bot instance is running"}
error: [polling_error] {"code":"ETELEGRAM","message":"ETELEGRAM: 409 Conflict: terminated by other getUpdates request; make sure that only one bot instance is running"}
error: [polling_error] {"code":"ETELEGRAM","message":"ETELEGRAM: 409 Conflict: terminated by other getUpdates request; make sure that only one bot instance is running"}
error: [polling_error] {"code":"ETELEGRAM","message":"ETELEGRAM: 409 Conflict: terminated by other getUpdates request; make sure that only one bot instance is running"}
error: [polling_error] {"code":"ETELEGRAM","message":"ETELEGRAM: 409 Conflict: terminated by other getUpdates request; make sure that only one bot instance is running"}
error: [polling_error] {"code":"ETELEGRAM","message":"ETELEGRAM: 409 Conflict: terminated by other getUpdates request; make sure that only one bot instance is running"}
error: [polling_error] {"code":"ETELEGRAM","message":"ETELEGRAM: 409 Conflict: terminated by other getUpdates request; make sure that only one bot instance is running"}
error: [polling_error] {"code":"ETELEGRAM","message":"ETELEGRAM: 409 Conflict: terminated by other getUpdates request; make sure that only one bot instance is running"}
error: [polling_error] {"code":"ETELEGRAM","message":"ETELEGRAM: 409 Conflict: terminated by other getUpdates request; make sure that only one bot instance is running"}
error: [polling_error] {"code":"ETELEGRAM","message":"ETELEGRAM: 409 Conflict: terminated by other getUpdates request; make sure that only one bot instance is running"}
error: [polling_error] {"code":"ETELEGRAM","message":"ETELEGRAM: 409 Conflict: terminated by other getUpdates request; make sure that only one bot instance is running"}
error: [polling_error] {"code":"ETELEGRAM","message":"ETELEGRAM: 409 Conflict: terminated by other getUpdates request; make sure that only one bot instance is running"}
error: [polling_error] {"code":"ETELEGRAM","message":"ETELEGRAM: 409 Conflict: terminated by other getUpdates request; make sure that only one bot instance is running"}
error: [polling_error] {"code":"ETELEGRAM","message":"ETELEGRAM: 409 Conflict: terminated by other getUpdates request; make sure that only one bot instance is running"}
error: [polling_error] {"code":"ETELEGRAM","message":"ETELEGRAM: 409 Conflict: terminated by other getUpdates request; make sure that only one bot instance is running"}
error: [polling_error] {"code":"ETELEGRAM","message":"ETELEGRAM: 409 Conflict: terminated by other getUpdates request; make sure that only one bot instance is running"}
error: [polling_error] {"code":"ETELEGRAM","message":"ETELEGRAM: 409 Conflict: terminated by other getUpdates request; make sure that only one bot instance is running"}
error: [polling_error] {"code":"ETELEGRAM","message":"ETELEGRAM: 409 Conflict: terminated by other getUpdates request; make sure that only one bot instance is running"}
error: [polling_error] {"code":"ETELEGRAM","message":"ETELEGRAM: 409 Conflict: terminated by other getUpdates request; make sure that only one bot instance is running"}
